// Vitest Snapshot v1, https://vitest.dev/guide/snapshot.html

exports[`App Component > matches snapshot 1`] = `
<DocumentFragment>
  <div
    class="App"
  >
    <h1>
      Todo App
    </h1>
    <div
      class="TodoList"
    >
      <div
        class="NewTodoForm"
      >
        <form>
          <label
            for="task"
          >
            Task:
          </label>
          <input
            id="task"
            name="task"
            type="text"
            value=""
          />
          <button>
            Add Todo
          </button>
        </form>
      </div>
      <div
        class="TodoList-container"
      />
    </div>
  </div>
</DocumentFragment>
`;
