// Vitest Snapshot v1, https://vitest.dev/guide/snapshot.html

exports[`TodoList Component > matches snapshot 1`] = `
<DocumentFragment>
  <div
    class="TodoList"
  >
    <div
      class="NewTodoForm"
    >
      <form>
        <label
          for="task"
        >
          Task:
        </label>
        <input
          id="task"
          name="task"
          type="text"
          value=""
        />
        <button>
          Add Todo
        </button>
      </form>
    </div>
    <div
      class="TodoList-container"
    />
  </div>
</DocumentFragment>
`;
