// Vitest Snapshot v1, https://vitest.dev/guide/snapshot.html

exports[`Todo Component > matches snapshot 1`] = `
<DocumentFragment>
  <div
    class="Todo"
  >
    <span>
      Test Task
    </span>
    <button>
      X
    </button>
  </div>
</DocumentFragment>
`;
