// Jest Snapshot v1, https://goo.gl/fbAQLP

exports[`matches snapshot 1`] = `
<DocumentFragment>
  <div
    class="Box"
  >
    <div
      class="Box-inner-div"
      style="width: 100px; height: 100px; background-color: red;"
    />
    <button
      class="Box-remove"
    >
      X
    </button>
  </div>
</DocumentFragment>
`;
